// Jest Snapshot v1, https://goo.gl/fbAQLP

exports[`sampleSiteForExperiment returns true or false depending on if they randomly are bucketed in or not 1`] = `false`;

exports[`sampleSiteForExperiment returns true or false depending on if they randomly are bucketed in or not 2`] = `false`;

exports[`sampleSiteForExperiment returns true or false depending on if they randomly are bucketed in or not 3`] = `false`;

exports[`sampleSiteForExperiment returns true or false depending on if they randomly are bucketed in or not 4`] = `false`;

exports[`sampleSiteForExperiment returns true or false depending on if they randomly are bucketed in or not 5`] = `true`;

exports[`sampleSiteForExperiment returns true or false depending on if they randomly are bucketed in or not 6`] = `false`;

exports[`sampleSiteForExperiment returns true or false depending on if they randomly are bucketed in or not 7`] = `false`;

exports[`sampleSiteForExperiment returns true or false depending on if they randomly are bucketed in or not 8`] = `true`;
